// Jest Snapshot v1, https://goo.gl/fbAQLP

exports[`AppWrapper renders correctly 1`] = `
<div
  className="sc-ifAKCX jdioGa"
/>
`;

exports[`gamepage renders correctly 1`] = `
<div>
  <button
    onClick={[Function]}
  >
    Level PLayers
  </button>
  <button
    onClick={[Function]}
  >
    Leaderboard
  </button>
  <div
    className="newsfeed-assemble"
  />
</div>
`;
