// Jest Snapshot v1, https://goo.gl/fbAQLP

exports[`renders correctly 1`] = `
<div
  id="login-page"
>
  <h1>
    MAKERSRICH
  </h1>
  <button
    className="login-button"
    onClick={[Function]}
  >
    Google Login
  </button>
  <button
    className="login-button"
    onClick={[Function]}
  >
    Github Login
  </button>
  <div
    style={
      Object {
        "backgroundImage": "url(LoginPageFella.png)",
        "height": "270px",
        "marginLeft": "70px",
        "marginTop": "50px",
        "width": "320px",
      }
    }
  >
     
  </div>
</div>
`;
