// Jest Snapshot v1, https://goo.gl/fbAQLP

exports[`renders correctly 1`] = `
<div
  className="map"
  style={
    Object {
      "alignItems": "center",
      "backgroundImage": "url('proofofwork.png')",
      "height": "672px",
      "justifyContent": "center",
      "position": "relative",
      "width": "1024px",
    }
  }
/>
`;
