// Jest Snapshot v1, https://goo.gl/fbAQLP

exports[`renders correctly 1`] = `
<div
  className="map"
  style={
    Object {
      "backgroundImage": "url('proofofwork.png')",
      "display": "block",
      "height": "672px",
      "margin": "auto",
      "maxHeight": "672px",
      "maxWidth": "1024px",
      "overflow": "auto",
      "position": "relative",
      "width": "1024px",
    }
  }
/>
`;
